ELMER SOLVER (v 26.2) STARTED AT: 2026/08/26 01:57:47
ParCommInit: Initialize #PEs: 1
MAIN: OMP_NUM_THREADS not set. Using only 1 thread per task.
MAIN: 
MAIN: =============================================================
MAIN: ElmerSolver finite element software, Welcome!
MAIN: This program is free software licensed under (L)GPL
MAIN: Copyright 1st April 1995 - , CSC - IT Center for Science Ltd.
MAIN: Webpage http://www.csc.fi/elmer, Email elmeradm@csc.fi
MAIN: Version: 26.2-unknown (Rev: unknown, Compiled: 2026-07-30)
MAIN:  Running one task without MPI parallelization.
MAIN:  Running with just one thread per task.
MAIN:  Lua interpreter linked in.
MAIN: =============================================================
MAIN: 
MAIN: 
MAIN: -------------------------------------
MAIN: Reading Model: case.sif
 Caught LUA error:[string "loadfile("/ucrt64/share/elmersolver" .. "/l..."]:1: attempt to call a nil value
 Caught LUA error:[string "loadstring(readsif("case.sif"))()"]:1: attempt to call global 'readsif' (a nil value)
LoadInputFile: Scanning input file: case.sif
LoadInputFile: Scanning only size info
LoadInputFile: First time visiting
LoadInputFile: Reading base load of sif file
LoadInputFile: Loading input file: case.sif
LoadInputFile: Reading base load of sif file
LoadInputFile: Number of BCs: 4
LoadInputFile: Number of Body Forces: 0
LoadInputFile: Number of Initial Conditions: 0
LoadInputFile: Number of Materials: 2
LoadInputFile: Number of Equations: 1
LoadInputFile: Number of Solvers: 2
LoadInputFile: Number of Bodies: 2
ElmerMeshReader: Base mesh name: ./.
LoadMesh: Elapsed REAL time:     0.0400 (s)
MAIN: -------------------------------------
OptimizeBandwidth: Initial bandwidth for stat current: 1006
OptimizeBandwidth: Optimized bandwidth for stat current: 38
MAIN: Number of timesteps to be saved: 1
MAIN: 
MAIN: -------------------------------------
MAIN:  Steady state iteration:            1
MAIN: -------------------------------------
MAIN: 
StatCurrentSolve: -------------------------------------
StatCurrentSolve: STAT CURRENT SOLVER:
StatCurrentSolve: -------------------------------------
StatCurrentSolve:  Assembly (s)          :   8.0000000000000071E-003
       1 0.8688E-01
       2 0.5995E-01
       3 0.4393E-01
       4 0.3453E-01
       5 0.2982E-01
       6 0.2452E-01
       7 0.2177E-01
       8 0.1815E-01
       9 0.1664E-01
      10 0.1386E-01
      11 0.1250E-01
      12 0.1141E-01
      13 0.1016E-01
      14 0.7852E-02
      15 0.4709E-02
      16 0.2117E-02
      17 0.8301E-03
      18 0.2783E-03
      19 0.1463E-03
      20 0.1181E-03
      21 0.7656E-04
      22 0.6925E-04
      23 0.4977E-04
      24 0.2674E-04
      25 0.2022E-04
      26 0.1360E-04
      27 0.6873E-05
      28 0.3998E-05
      29 0.3330E-05
      30 0.1728E-05
      31 0.7603E-06
      32 0.3476E-06
      33 0.1574E-06
      34 0.5894E-07
      35 0.2927E-07
      36 0.1241E-07
      37 0.5317E-08
      38 0.1968E-08
      39 0.5894E-09
      40 0.2168E-09
      41 0.8566E-10
      41 0.8566E-10
ComputeChange: NS (ITER=1) (NRM,RELC): ( 0.58619732      2.0000000     ) :: stat current
StatCurrentSolve:  Solve (s)             :   3.7999999999999978E-002
StatCurrentSolve:  Total Heating Power   :  0.45163442357579725
StatCurrentSolve:  Effective Resistance  :   2.2141802037199478
ComputeChange: SS (ITER=1) (NRM,RELC): ( 0.58619732      2.0000000     ) :: stat current
ResultOutputSolver: -------------------------------------
ResultOutputSolver: Saving with prefix: phenora_heterogeneous
ResultOutputSolver: Saving in unstructured VTK XML (.vtu) format
VtuOutputSolver: Saving results in VTK XML format with prefix: phenora_heterogeneous
VtuOutputSolver: Saving number of partitions: 1
ResultOutputSolver: -------------------------------------
MAIN: *** Elmer Solver: ALL DONE ***
MAIN: The end
SOLVER TOTAL TIME(CPU,REAL):         0.33        0.33
ELMER SOLVER FINISHED AT: 2026/08/26 01:57:47

