ELMER SOLVER (v 26.2) STARTED AT: 2026/08/26 01:55:14
ParCommInit: Initialize #PEs: 1
MAIN: OMP_NUM_THREADS not set. Using only 1 thread per task.
MAIN: 
MAIN: =============================================================
MAIN: ElmerSolver finite element software, Welcome!
MAIN: This program is free software licensed under (L)GPL
MAIN: Copyright 1st April 1995 - , CSC - IT Center for Science Ltd.
MAIN: Webpage http://www.csc.fi/elmer, Email elmeradm@csc.fi
MAIN: Version: 26.2-unknown (Rev: unknown, Compiled: 2026-07-30)
MAIN:  Running one task without MPI parallelization.
MAIN:  Running with just one thread per task.
MAIN:  Lua interpreter linked in.
MAIN: =============================================================
MAIN: 
MAIN: 
MAIN: -------------------------------------
MAIN: Reading Model: case.sif
 Caught LUA error:[string "loadfile("/ucrt64/share/elmersolver" .. "/l..."]:1: attempt to call a nil value
 Caught LUA error:[string "loadstring(readsif("case.sif"))()"]:1: attempt to call global 'readsif' (a nil value)
LoadInputFile: Scanning input file: case.sif
LoadInputFile: Scanning only size info
LoadInputFile: First time visiting
LoadInputFile: Reading base load of sif file
LoadInputFile: Loading input file: case.sif
LoadInputFile: Reading base load of sif file
LoadInputFile: Number of BCs: 4
LoadInputFile: Number of Body Forces: 0
LoadInputFile: Number of Initial Conditions: 0
LoadInputFile: Number of Materials: 2
LoadInputFile: Number of Equations: 1
LoadInputFile: Number of Solvers: 2
LoadInputFile: Number of Bodies: 2
ElmerMeshReader: Base mesh name: ./.
LoadMesh: Elapsed REAL time:     0.0600 (s)
MAIN: -------------------------------------
OptimizeBandwidth: Initial bandwidth for stat current: 1006
OptimizeBandwidth: Optimized bandwidth for stat current: 38
MAIN: Number of timesteps to be saved: 1
MAIN: 
MAIN: -------------------------------------
MAIN:  Steady state iteration:            1
MAIN: -------------------------------------
MAIN: 
StatCurrentSolve: -------------------------------------
StatCurrentSolve: STAT CURRENT SOLVER:
StatCurrentSolve: -------------------------------------
StatCurrentSolve:  Assembly (s)          :   7.0000000000000062E-003
       1 0.8688E-01
       2 0.5995E-01
       3 0.4374E-01
       4 0.3299E-01
       5 0.2723E-01
       6 0.2404E-01
       7 0.2131E-01
       8 0.1865E-01
       9 0.1683E-01
      10 0.1486E-01
      11 0.1406E-01
      12 0.1320E-01
      13 0.1122E-01
      14 0.8517E-02
      15 0.5159E-02
      16 0.2252E-02
      17 0.8580E-03
      18 0.2796E-03
      19 0.1282E-03
      20 0.8338E-04
      21 0.3846E-04
      22 0.1755E-04
      23 0.1429E-04
      24 0.7916E-05
      25 0.4518E-05
      26 0.2459E-05
      27 0.1244E-05
      28 0.5977E-06
      29 0.3722E-06
      30 0.1853E-06
      31 0.1206E-06
      32 0.9244E-07
      33 0.7869E-07
      34 0.4681E-07
      35 0.3112E-07
      36 0.1211E-07
      37 0.6116E-08
      38 0.2193E-08
      39 0.8399E-09
      40 0.3034E-09
      41 0.1061E-09
      42 0.4196E-10
      42 0.4196E-10
ComputeChange: NS (ITER=1) (NRM,RELC): ( 0.58046647      2.0000000     ) :: stat current
StatCurrentSolve:  Solve (s)             :   7.0000000000000062E-003
StatCurrentSolve:  Total Heating Power   :  0.49983176077215596
StatCurrentSolve:  Effective Resistance  :   2.0006731834230949
ComputeChange: SS (ITER=1) (NRM,RELC): ( 0.58046647      2.0000000     ) :: stat current
ResultOutputSolver: -------------------------------------
ResultOutputSolver: Saving with prefix: phenora_heterogeneous
ResultOutputSolver: Saving in unstructured VTK XML (.vtu) format
VtuOutputSolver: Saving results in VTK XML format with prefix: phenora_heterogeneous
VtuOutputSolver: Saving number of partitions: 1
ResultOutputSolver: -------------------------------------
MAIN: *** Elmer Solver: ALL DONE ***
MAIN: The end
SOLVER TOTAL TIME(CPU,REAL):         0.34        0.34
ELMER SOLVER FINISHED AT: 2026/08/26 01:55:14

