ELMER SOLVER (v 26.2) STARTED AT: 2026/08/26 01:55:14
ParCommInit: Initialize #PEs: 1
MAIN: OMP_NUM_THREADS not set. Using only 1 thread per task.
MAIN: 
MAIN: =============================================================
MAIN: ElmerSolver finite element software, Welcome!
MAIN: This program is free software licensed under (L)GPL
MAIN: Copyright 1st April 1995 - , CSC - IT Center for Science Ltd.
MAIN: Webpage http://www.csc.fi/elmer, Email elmeradm@csc.fi
MAIN: Version: 26.2-unknown (Rev: unknown, Compiled: 2026-07-30)
MAIN:  Running one task without MPI parallelization.
MAIN:  Running with just one thread per task.
MAIN:  Lua interpreter linked in.
MAIN: =============================================================
MAIN: 
MAIN: 
MAIN: -------------------------------------
MAIN: Reading Model: case.sif
 Caught LUA error:[string "loadfile("/ucrt64/share/elmersolver" .. "/l..."]:1: attempt to call a nil value
 Caught LUA error:[string "loadstring(readsif("case.sif"))()"]:1: attempt to call global 'readsif' (a nil value)
LoadInputFile: Scanning input file: case.sif
LoadInputFile: Scanning only size info
LoadInputFile: First time visiting
LoadInputFile: Reading base load of sif file
LoadInputFile: Loading input file: case.sif
LoadInputFile: Reading base load of sif file
LoadInputFile: Number of BCs: 4
LoadInputFile: Number of Body Forces: 0
LoadInputFile: Number of Initial Conditions: 0
LoadInputFile: Number of Materials: 2
LoadInputFile: Number of Equations: 1
LoadInputFile: Number of Solvers: 2
LoadInputFile: Number of Bodies: 2
ElmerMeshReader: Base mesh name: ./.
LoadMesh: Elapsed REAL time:     0.0670 (s)
MAIN: -------------------------------------
OptimizeBandwidth: Initial bandwidth for stat current: 1006
OptimizeBandwidth: Optimized bandwidth for stat current: 38
MAIN: Number of timesteps to be saved: 1
MAIN: 
MAIN: -------------------------------------
MAIN:  Steady state iteration:            1
MAIN: -------------------------------------
MAIN: 
StatCurrentSolve: -------------------------------------
StatCurrentSolve: STAT CURRENT SOLVER:
StatCurrentSolve: -------------------------------------
StatCurrentSolve:  Assembly (s)          :   8.0000000000000071E-003
       1 0.8688E-01
       2 0.5995E-01
       3 0.4374E-01
       4 0.3300E-01
       5 0.2725E-01
       6 0.2405E-01
       7 0.2131E-01
       8 0.1864E-01
       9 0.1683E-01
      10 0.1486E-01
      11 0.1405E-01
      12 0.1319E-01
      13 0.1122E-01
      14 0.8513E-02
      15 0.5154E-02
      16 0.2250E-02
      17 0.8571E-03
      18 0.2790E-03
      19 0.1277E-03
      20 0.8326E-04
      21 0.3850E-04
      22 0.1758E-04
      23 0.1433E-04
      24 0.7948E-05
      25 0.4537E-05
      26 0.2478E-05
      27 0.1264E-05
      28 0.6220E-06
      29 0.4058E-06
      30 0.2192E-06
      31 0.1606E-06
      32 0.1285E-06
      33 0.9810E-07
      34 0.5164E-07
      35 0.3218E-07
      36 0.1218E-07
      37 0.6109E-08
      38 0.2189E-08
      39 0.8375E-09
      40 0.3028E-09
      41 0.1059E-09
      42 0.4180E-10
      42 0.4180E-10
ComputeChange: NS (ITER=1) (NRM,RELC): ( 0.58050265      2.0000000     ) :: stat current
StatCurrentSolve:  Solve (s)             :   7.0000000000000062E-003
StatCurrentSolve:  Total Heating Power   :  0.49951868007694378
StatCurrentSolve:  Effective Resistance  :   2.0019271348290002
ComputeChange: SS (ITER=1) (NRM,RELC): ( 0.58050265      2.0000000     ) :: stat current
ResultOutputSolver: -------------------------------------
ResultOutputSolver: Saving with prefix: phenora_heterogeneous
ResultOutputSolver: Saving in unstructured VTK XML (.vtu) format
VtuOutputSolver: Saving results in VTK XML format with prefix: phenora_heterogeneous
VtuOutputSolver: Saving number of partitions: 1
ResultOutputSolver: -------------------------------------
MAIN: *** Elmer Solver: ALL DONE ***
MAIN: The end
SOLVER TOTAL TIME(CPU,REAL):         0.31        0.31
ELMER SOLVER FINISHED AT: 2026/08/26 01:55:15

