ELMER SOLVER (v 26.2) STARTED AT: 2026/08/26 01:57:33
ParCommInit: Initialize #PEs: 1
MAIN: OMP_NUM_THREADS not set. Using only 1 thread per task.
MAIN: 
MAIN: =============================================================
MAIN: ElmerSolver finite element software, Welcome!
MAIN: This program is free software licensed under (L)GPL
MAIN: Copyright 1st April 1995 - , CSC - IT Center for Science Ltd.
MAIN: Webpage http://www.csc.fi/elmer, Email elmeradm@csc.fi
MAIN: Version: 26.2-unknown (Rev: unknown, Compiled: 2026-07-30)
MAIN:  Running one task without MPI parallelization.
MAIN:  Running with just one thread per task.
MAIN:  Lua interpreter linked in.
MAIN: =============================================================
MAIN: 
MAIN: 
MAIN: -------------------------------------
MAIN: Reading Model: case.sif
 Caught LUA error:[string "loadfile("/ucrt64/share/elmersolver" .. "/l..."]:1: attempt to call a nil value
 Caught LUA error:[string "loadstring(readsif("case.sif"))()"]:1: attempt to call global 'readsif' (a nil value)
LoadInputFile: Scanning input file: case.sif
LoadInputFile: Scanning only size info
LoadInputFile: First time visiting
LoadInputFile: Reading base load of sif file
LoadInputFile: Loading input file: case.sif
LoadInputFile: Reading base load of sif file
LoadInputFile: Number of BCs: 4
LoadInputFile: Number of Body Forces: 0
LoadInputFile: Number of Initial Conditions: 0
LoadInputFile: Number of Materials: 1
LoadInputFile: Number of Equations: 1
LoadInputFile: Number of Solvers: 2
LoadInputFile: Number of Bodies: 1
ElmerMeshReader: Base mesh name: ./.
LoadMesh: Elapsed REAL time:     0.3760 (s)
MAIN: -------------------------------------
OptimizeBandwidth: Initial bandwidth for stat current: 3807
OptimizeBandwidth: Optimized bandwidth for stat current: 67
MAIN: Number of timesteps to be saved: 1
MAIN: 
MAIN: -------------------------------------
MAIN:  Steady state iteration:            1
MAIN: -------------------------------------
MAIN: 
StatCurrentSolve: -------------------------------------
StatCurrentSolve: STAT CURRENT SOLVER:
StatCurrentSolve: -------------------------------------
StatCurrentSolve:  Assembly (s)          :   4.5000000000000040E-002
       1 0.9796E-01
       2 0.5969E-01
       3 0.4409E-01
       4 0.3238E-01
       5 0.2594E-01
       6 0.2252E-01
       7 0.1928E-01
       8 0.1664E-01
       9 0.1527E-01
      10 0.1370E-01
      11 0.1250E-01
      12 0.1147E-01
      13 0.1046E-01
      14 0.9975E-02
      15 0.9405E-02
      16 0.8724E-02
      17 0.8343E-02
      18 0.7883E-02
      19 0.7396E-02
      20 0.7202E-02
      21 0.7001E-02
      22 0.6647E-02
      23 0.6320E-02
      24 0.6088E-02
      25 0.5832E-02
      26 0.5278E-02
      27 0.4356E-02
      28 0.3113E-02
      29 0.1810E-02
      30 0.9539E-03
      31 0.5041E-03
      32 0.2891E-03
      33 0.1946E-03
      34 0.1565E-03
      35 0.1187E-03
      36 0.7866E-04
      37 0.6213E-04
      38 0.5205E-04
      39 0.3391E-04
      40 0.2685E-04
      41 0.2268E-04
      42 0.1520E-04
      43 0.1340E-04
      44 0.1097E-04
      45 0.7384E-05
      46 0.7155E-05
      47 0.4520E-05
      48 0.3782E-05
      49 0.3076E-05
      50 0.2150E-05
      51 0.2087E-05
      52 0.1411E-05
      53 0.1474E-05
      54 0.1102E-05
      55 0.1056E-05
      56 0.7978E-06
      57 0.5285E-06
      58 0.2977E-06
      59 0.1330E-06
      60 0.6720E-07
      61 0.3130E-07
      62 0.2202E-07
      63 0.1672E-07
      64 0.1019E-07
      65 0.4901E-08
      66 0.2861E-08
      67 0.2313E-08
      68 0.1649E-08
      69 0.9735E-09
      70 0.6126E-09
      71 0.4052E-09
      72 0.2355E-09
      73 0.1445E-09
      74 0.1136E-09
      75 0.6933E-10
      75 0.6933E-10
ComputeChange: NS (ITER=1) (NRM,RELC): ( 0.57923326      2.0000000     ) :: stat current
StatCurrentSolve:  Solve (s)             :   5.1999999999999935E-002
StatCurrentSolve:  Total Heating Power   :  0.50000000000000677
StatCurrentSolve:  Effective Resistance  :   1.9999999999999729
ComputeChange: SS (ITER=1) (NRM,RELC): ( 0.57923326      2.0000000     ) :: stat current
ResultOutputSolver: -------------------------------------
ResultOutputSolver: Saving with prefix: phenora
ResultOutputSolver: Saving in unstructured VTK XML (.vtu) format
VtuOutputSolver: Saving results in VTK XML format with prefix: phenora
VtuOutputSolver: Saving number of partitions: 1
ResultOutputSolver: -------------------------------------
MAIN: *** Elmer Solver: ALL DONE ***
MAIN: The end
SOLVER TOTAL TIME(CPU,REAL):         0.72        0.72
ELMER SOLVER FINISHED AT: 2026/08/26 01:57:34

