ELMER SOLVER (v 26.2) STARTED AT: 2026/08/26 01:57:49
ParCommInit: Initialize #PEs: 1
MAIN: OMP_NUM_THREADS not set. Using only 1 thread per task.
MAIN: 
MAIN: =============================================================
MAIN: ElmerSolver finite element software, Welcome!
MAIN: This program is free software licensed under (L)GPL
MAIN: Copyright 1st April 1995 - , CSC - IT Center for Science Ltd.
MAIN: Webpage http://www.csc.fi/elmer, Email elmeradm@csc.fi
MAIN: Version: 26.2-unknown (Rev: unknown, Compiled: 2026-07-30)
MAIN:  Running one task without MPI parallelization.
MAIN:  Running with just one thread per task.
MAIN:  Lua interpreter linked in.
MAIN: =============================================================
MAIN: 
MAIN: 
MAIN: -------------------------------------
MAIN: Reading Model: case.sif
 Caught LUA error:[string "loadfile("/ucrt64/share/elmersolver" .. "/l..."]:1: attempt to call a nil value
 Caught LUA error:[string "loadstring(readsif("case.sif"))()"]:1: attempt to call global 'readsif' (a nil value)
LoadInputFile: Scanning input file: case.sif
LoadInputFile: Scanning only size info
LoadInputFile: First time visiting
LoadInputFile: Reading base load of sif file
LoadInputFile: Loading input file: case.sif
LoadInputFile: Reading base load of sif file
LoadInputFile: Number of BCs: 4
LoadInputFile: Number of Body Forces: 0
LoadInputFile: Number of Initial Conditions: 0
LoadInputFile: Number of Materials: 2
LoadInputFile: Number of Equations: 1
LoadInputFile: Number of Solvers: 2
LoadInputFile: Number of Bodies: 2
ElmerMeshReader: Base mesh name: ./.
LoadMesh: Elapsed REAL time:     0.0600 (s)
MAIN: -------------------------------------
OptimizeBandwidth: Initial bandwidth for stat current: 1006
OptimizeBandwidth: Optimized bandwidth for stat current: 38
MAIN: Number of timesteps to be saved: 1
MAIN: 
MAIN: -------------------------------------
MAIN:  Steady state iteration:            1
MAIN: -------------------------------------
MAIN: 
StatCurrentSolve: -------------------------------------
StatCurrentSolve: STAT CURRENT SOLVER:
StatCurrentSolve: -------------------------------------
StatCurrentSolve:  Assembly (s)          :   7.0000000000000062E-003
       1 0.8688E-01
       2 0.5994E-01
       3 0.4362E-01
       4 0.3199E-01
       5 0.2537E-01
       6 0.2309E-01
       7 0.2058E-01
       8 0.1884E-01
       9 0.1696E-01
      10 0.1553E-01
      11 0.1535E-01
      12 0.1483E-01
      13 0.1198E-01
      14 0.9059E-02
      15 0.5873E-02
      16 0.2587E-02
      17 0.1026E-02
      18 0.3945E-03
      19 0.2229E-03
      20 0.1177E-03
      21 0.5716E-04
      22 0.4995E-04
      23 0.3944E-04
      24 0.2024E-04
      25 0.1135E-04
      26 0.6012E-05
      27 0.3193E-05
      28 0.1667E-05
      29 0.1152E-05
      30 0.7036E-06
      31 0.4296E-06
      32 0.2044E-06
      33 0.8932E-07
      34 0.3094E-07
      35 0.1580E-07
      36 0.6363E-08
      37 0.4218E-08
      38 0.2058E-08
      39 0.1009E-08
      40 0.3404E-09
      41 0.1228E-09
      42 0.5564E-10
      42 0.5564E-10
ComputeChange: NS (ITER=1) (NRM,RELC): ( 0.57657590      2.0000000     ) :: stat current
StatCurrentSolve:  Solve (s)             :   8.0000000000000071E-003
StatCurrentSolve:  Total Heating Power   :  0.53433789155962652
StatCurrentSolve:  Effective Resistance  :   1.8714749895074780
ComputeChange: SS (ITER=1) (NRM,RELC): ( 0.57657590      2.0000000     ) :: stat current
ResultOutputSolver: -------------------------------------
ResultOutputSolver: Saving with prefix: phenora_heterogeneous
ResultOutputSolver: Saving in unstructured VTK XML (.vtu) format
VtuOutputSolver: Saving results in VTK XML format with prefix: phenora_heterogeneous
VtuOutputSolver: Saving number of partitions: 1
ResultOutputSolver: -------------------------------------
MAIN: *** Elmer Solver: ALL DONE ***
MAIN: The end
SOLVER TOTAL TIME(CPU,REAL):         0.32        0.32
ELMER SOLVER FINISHED AT: 2026/08/26 01:57:50

