ELMER SOLVER (v 26.2) STARTED AT: 2026/08/26 01:57:47
ParCommInit: Initialize #PEs: 1
MAIN: OMP_NUM_THREADS not set. Using only 1 thread per task.
MAIN: 
MAIN: =============================================================
MAIN: ElmerSolver finite element software, Welcome!
MAIN: This program is free software licensed under (L)GPL
MAIN: Copyright 1st April 1995 - , CSC - IT Center for Science Ltd.
MAIN: Webpage http://www.csc.fi/elmer, Email elmeradm@csc.fi
MAIN: Version: 26.2-unknown (Rev: unknown, Compiled: 2026-07-30)
MAIN:  Running one task without MPI parallelization.
MAIN:  Running with just one thread per task.
MAIN:  Lua interpreter linked in.
MAIN: =============================================================
MAIN: 
MAIN: 
MAIN: -------------------------------------
MAIN: Reading Model: case.sif
 Caught LUA error:[string "loadfile("/ucrt64/share/elmersolver" .. "/l..."]:1: attempt to call a nil value
 Caught LUA error:[string "loadstring(readsif("case.sif"))()"]:1: attempt to call global 'readsif' (a nil value)
LoadInputFile: Scanning input file: case.sif
LoadInputFile: Scanning only size info
LoadInputFile: First time visiting
LoadInputFile: Reading base load of sif file
LoadInputFile: Loading input file: case.sif
LoadInputFile: Reading base load of sif file
LoadInputFile: Number of BCs: 4
LoadInputFile: Number of Body Forces: 0
LoadInputFile: Number of Initial Conditions: 0
LoadInputFile: Number of Materials: 2
LoadInputFile: Number of Equations: 1
LoadInputFile: Number of Solvers: 2
LoadInputFile: Number of Bodies: 2
ElmerMeshReader: Base mesh name: ./.
LoadMesh: Elapsed REAL time:     0.0590 (s)
MAIN: -------------------------------------
OptimizeBandwidth: Initial bandwidth for stat current: 1006
OptimizeBandwidth: Optimized bandwidth for stat current: 38
MAIN: Number of timesteps to be saved: 1
MAIN: 
MAIN: -------------------------------------
MAIN:  Steady state iteration:            1
MAIN: -------------------------------------
MAIN: 
StatCurrentSolve: -------------------------------------
StatCurrentSolve: STAT CURRENT SOLVER:
StatCurrentSolve: -------------------------------------
StatCurrentSolve:  Assembly (s)          :   7.0000000000000062E-003
       1 0.8688E-01
       2 0.5995E-01
       3 0.4382E-01
       4 0.3367E-01
       5 0.2840E-01
       6 0.2438E-01
       7 0.2159E-01
       8 0.1844E-01
       9 0.1674E-01
      10 0.1441E-01
      11 0.1331E-01
      12 0.1233E-01
      13 0.1077E-01
      14 0.8199E-02
      15 0.4873E-02
      16 0.2146E-02
      17 0.8187E-03
      18 0.2599E-03
      19 0.1164E-03
      20 0.9037E-04
      21 0.5155E-04
      22 0.3257E-04
      23 0.3086E-04
      24 0.1718E-04
      25 0.1111E-04
      26 0.7679E-05
      27 0.4778E-05
      28 0.2906E-05
      29 0.2006E-05
      30 0.1044E-05
      31 0.6447E-06
      32 0.3271E-06
      33 0.1448E-06
      34 0.5277E-07
      35 0.2539E-07
      36 0.9834E-08
      37 0.4781E-08
      38 0.1903E-08
      39 0.6639E-09
      40 0.2615E-09
      41 0.1022E-09
      42 0.3927E-10
      42 0.3927E-10
ComputeChange: NS (ITER=1) (NRM,RELC): ( 0.58300656      2.0000000     ) :: stat current
StatCurrentSolve:  Solve (s)             :   3.2999999999999974E-002
StatCurrentSolve:  Total Heating Power   :  0.47814243436181453
StatCurrentSolve:  Effective Resistance  :   2.0914270061278253
ComputeChange: SS (ITER=1) (NRM,RELC): ( 0.58300656      2.0000000     ) :: stat current
ResultOutputSolver: -------------------------------------
ResultOutputSolver: Saving with prefix: phenora_heterogeneous
ResultOutputSolver: Saving in unstructured VTK XML (.vtu) format
VtuOutputSolver: Saving results in VTK XML format with prefix: phenora_heterogeneous
VtuOutputSolver: Saving number of partitions: 1
ResultOutputSolver: -------------------------------------
MAIN: *** Elmer Solver: ALL DONE ***
MAIN: The end
SOLVER TOTAL TIME(CPU,REAL):         0.35        0.35
ELMER SOLVER FINISHED AT: 2026/08/26 01:57:48

