ELMER SOLVER (v 26.2) STARTED AT: 2026/08/26 01:57:35
ParCommInit: Initialize #PEs: 1
MAIN: OMP_NUM_THREADS not set. Using only 1 thread per task.
MAIN: 
MAIN: =============================================================
MAIN: ElmerSolver finite element software, Welcome!
MAIN: This program is free software licensed under (L)GPL
MAIN: Copyright 1st April 1995 - , CSC - IT Center for Science Ltd.
MAIN: Webpage http://www.csc.fi/elmer, Email elmeradm@csc.fi
MAIN: Version: 26.2-unknown (Rev: unknown, Compiled: 2026-07-30)
MAIN:  Running one task without MPI parallelization.
MAIN:  Running with just one thread per task.
MAIN:  Lua interpreter linked in.
MAIN: =============================================================
MAIN: 
MAIN: 
MAIN: -------------------------------------
MAIN: Reading Model: case.sif
 Caught LUA error:[string "loadfile("/ucrt64/share/elmersolver" .. "/l..."]:1: attempt to call a nil value
 Caught LUA error:[string "loadstring(readsif("case.sif"))()"]:1: attempt to call global 'readsif' (a nil value)
LoadInputFile: Scanning input file: case.sif
LoadInputFile: Scanning only size info
LoadInputFile: First time visiting
LoadInputFile: Reading base load of sif file
LoadInputFile: Loading input file: case.sif
LoadInputFile: Reading base load of sif file
LoadInputFile: Number of BCs: 4
LoadInputFile: Number of Body Forces: 0
LoadInputFile: Number of Initial Conditions: 0
LoadInputFile: Number of Materials: 1
LoadInputFile: Number of Equations: 1
LoadInputFile: Number of Solvers: 2
LoadInputFile: Number of Bodies: 1
ElmerMeshReader: Base mesh name: ./.
LoadMesh: Elapsed REAL time:     0.5360 (s)
MAIN: -------------------------------------
OptimizeBandwidth: Initial bandwidth for stat current: 14976
OptimizeBandwidth: Optimized bandwidth for stat current: 131
MAIN: Number of timesteps to be saved: 1
MAIN: 
MAIN: -------------------------------------
MAIN:  Steady state iteration:            1
MAIN: -------------------------------------
MAIN: 
StatCurrentSolve: -------------------------------------
StatCurrentSolve: STAT CURRENT SOLVER:
StatCurrentSolve: -------------------------------------
StatCurrentSolve:  Assembly (s)          :  0.10799999999999998
       1 0.1023E+00
       2 0.5661E-01
       3 0.4295E-01
       4 0.3136E-01
       5 0.2463E-01
       6 0.2149E-01
       7 0.1867E-01
       8 0.1597E-01
       9 0.1430E-01
      10 0.1293E-01
      11 0.1188E-01
      12 0.1089E-01
      13 0.9957E-02
      14 0.9271E-02
      15 0.8754E-02
      16 0.8192E-02
      17 0.7896E-02
      18 0.7570E-02
      19 0.7145E-02
      20 0.6690E-02
      21 0.6505E-02
      22 0.6192E-02
      23 0.5905E-02
      24 0.5721E-02
      25 0.5565E-02
      26 0.5222E-02
      27 0.5113E-02
      28 0.4923E-02
      29 0.4794E-02
      30 0.4621E-02
      31 0.4505E-02
      32 0.4382E-02
      33 0.4237E-02
      34 0.4125E-02
      35 0.4012E-02
      36 0.3821E-02
      37 0.3808E-02
      38 0.3720E-02
      39 0.3585E-02
      40 0.3540E-02
      41 0.3448E-02
      42 0.3362E-02
      43 0.3279E-02
      44 0.3213E-02
      45 0.3130E-02
      46 0.3081E-02
      47 0.3056E-02
      48 0.2921E-02
      49 0.2940E-02
      50 0.2848E-02
      51 0.2775E-02
      52 0.2702E-02
      53 0.2474E-02
      54 0.2231E-02
      55 0.1676E-02
      56 0.1124E-02
      57 0.6335E-03
      58 0.3233E-03
      59 0.1620E-03
      60 0.9463E-04
      61 0.7104E-04
      62 0.6376E-04
      63 0.6541E-04
      64 0.6688E-04
      65 0.5649E-04
      66 0.4867E-04
      67 0.4737E-04
      68 0.3748E-04
      69 0.3392E-04
      70 0.3792E-04
      71 0.3212E-04
      72 0.2888E-04
      73 0.2829E-04
      74 0.2253E-04
      75 0.2054E-04
      76 0.2081E-04
      77 0.1798E-04
      78 0.1591E-04
      79 0.1465E-04
      80 0.1120E-04
      81 0.9333E-05
      82 0.8468E-05
      83 0.7042E-05
      84 0.7089E-05
      85 0.6021E-05
      86 0.5544E-05
      87 0.4761E-05
      88 0.4278E-05
      89 0.4030E-05
      90 0.3476E-05
      91 0.3189E-05
      92 0.2666E-05
      93 0.2286E-05
      94 0.2089E-05
      95 0.1731E-05
      96 0.1598E-05
      97 0.1359E-05
      98 0.1229E-05
      99 0.1043E-05
     100 0.9187E-06
     101 0.7822E-06
     102 0.6792E-06
     103 0.5930E-06
     104 0.4836E-06
     105 0.4366E-06
     106 0.3698E-06
     107 0.3304E-06
     108 0.2592E-06
     109 0.2144E-06
     110 0.1613E-06
     111 0.1294E-06
     112 0.1002E-06
     113 0.7858E-07
     114 0.6141E-07
     115 0.4632E-07
     116 0.3412E-07
     117 0.3016E-07
     118 0.2852E-07
     119 0.2567E-07
     120 0.1962E-07
     121 0.1314E-07
     122 0.1013E-07
     123 0.7958E-08
     124 0.5790E-08
     125 0.4445E-08
     126 0.4691E-08
     127 0.5005E-08
     128 0.3477E-08
     129 0.2301E-08
     130 0.1887E-08
     131 0.1473E-08
     132 0.9642E-09
     133 0.6839E-09
     134 0.5260E-09
     135 0.4098E-09
     136 0.3020E-09
     137 0.2524E-09
     138 0.2031E-09
     139 0.1664E-09
     140 0.1290E-09
     141 0.9323E-10
     141 0.9323E-10
ComputeChange: NS (ITER=1) (NRM,RELC): ( 0.57835486      2.0000000     ) :: stat current
StatCurrentSolve:  Solve (s)             :  0.11299999999999988
StatCurrentSolve:  Total Heating Power   :  0.50000000000000888
StatCurrentSolve:  Effective Resistance  :   1.9999999999999645
ComputeChange: SS (ITER=1) (NRM,RELC): ( 0.57835486      2.0000000     ) :: stat current
ResultOutputSolver: -------------------------------------
ResultOutputSolver: Saving with prefix: phenora
ResultOutputSolver: Saving in unstructured VTK XML (.vtu) format
VtuOutputSolver: Saving results in VTK XML format with prefix: phenora
VtuOutputSolver: Saving number of partitions: 1
ResultOutputSolver: -------------------------------------
MAIN: *** Elmer Solver: ALL DONE ***
MAIN: The end
SOLVER TOTAL TIME(CPU,REAL):         1.11        1.11
ELMER SOLVER FINISHED AT: 2026/08/26 01:57:36

